2026-07-19 15:54:10 | ERROR    | some.module | <string>:<module>:19 | test ERROR message reaches both app.log and errors.log
2026-07-20 11:56:33 | ERROR    | main | main:safe_run:129 | [Group HarborImage] Error in run_harbor_image_worker: Failed client connect: Server connection error: tonic::transport::Error(Transport, ConnectError(ConnectError("tcp connect error", Os { code: 10061, kind: ConnectionRefused, message: "No connection could be made because the target machine actively refused it." })))
Traceback (most recent call last):
  File "C:\Users\kaibalya\OneDrive - thinkcloud.in\Desktop\DevRaQ\DevRaQ_backend\main.py", line 127, in safe_run
    await func()
  File "C:\Users\kaibalya\OneDrive - thinkcloud.in\Desktop\DevRaQ\DevRaQ_backend\service\temporalResource\workers\workers_harbor_image.py", line 13, in run_harbor_image_worker
    client = await Client.connect("localhost:7233")
             ^^^^^^^^^^^^^^^^^^^^^^^^^^^^^^^^^^^^^^
  File "C:\Users\kaibalya\OneDrive - thinkcloud.in\Desktop\DevRaQ\DevRaQ_backend\my-env\Lib\site-packages\temporalio\client.py", line 173, in connect
    await temporalio.service.ServiceClient.connect(connect_config),
    ^^^^^^^^^^^^^^^^^^^^^^^^^^^^^^^^^^^^^^^^^^^^^^^^^^^^^^^^^^^^^^
  File "C:\Users\kaibalya\OneDrive - thinkcloud.in\Desktop\DevRaQ\DevRaQ_backend\my-env\Lib\site-packages\temporalio\service.py", line 209, in connect
    return await _BridgeServiceClient.connect(config)
           ^^^^^^^^^^^^^^^^^^^^^^^^^^^^^^^^^^^^^^^^^^
  File "C:\Users\kaibalya\OneDrive - thinkcloud.in\Desktop\DevRaQ\DevRaQ_backend\my-env\Lib\site-packages\temporalio\service.py", line 1008, in connect
    await client._connected_client()
  File "C:\Users\kaibalya\OneDrive - thinkcloud.in\Desktop\DevRaQ\DevRaQ_backend\my-env\Lib\site-packages\temporalio\service.py", line 1021, in _connected_client
    self._bridge_client = await temporalio.bridge.client.Client.connect(
                          ^^^^^^^^^^^^^^^^^^^^^^^^^^^^^^^^^^^^^^^^^^^^^^
  File "C:\Users\kaibalya\OneDrive - thinkcloud.in\Desktop\DevRaQ\DevRaQ_backend\my-env\Lib\site-packages\temporalio\bridge\client.py", line 97, in connect
    await temporalio.bridge.temporal_sdk_bridge.connect_client(
RuntimeError: Failed client connect: Server connection error: tonic::transport::Error(Transport, ConnectError(ConnectError("tcp connect error", Os { code: 10061, kind: ConnectionRefused, message: "No connection could be made because the target machine actively refused it." })))
2026-07-20 12:22:21 | ERROR    | main | main:safe_run:129 | [Group HarborImage] Error in run_harbor_image_worker: Failed client connect: Server connection error: tonic::transport::Error(Transport, ConnectError(ConnectError("tcp connect error", Os { code: 10061, kind: ConnectionRefused, message: "No connection could be made because the target machine actively refused it." })))
Traceback (most recent call last):
  File "C:\Users\kaibalya\OneDrive - thinkcloud.in\Desktop\DevRaQ\DevRaQ_backend\main.py", line 127, in safe_run
    await func()
  File "C:\Users\kaibalya\OneDrive - thinkcloud.in\Desktop\DevRaQ\DevRaQ_backend\service\temporalResource\workers\workers_harbor_image.py", line 13, in run_harbor_image_worker
    client = await Client.connect("localhost:7233")
             ^^^^^^^^^^^^^^^^^^^^^^^^^^^^^^^^^^^^^^
  File "C:\Users\kaibalya\OneDrive - thinkcloud.in\Desktop\DevRaQ\DevRaQ_backend\my-env\Lib\site-packages\temporalio\client.py", line 173, in connect
    await temporalio.service.ServiceClient.connect(connect_config),
    ^^^^^^^^^^^^^^^^^^^^^^^^^^^^^^^^^^^^^^^^^^^^^^^^^^^^^^^^^^^^^^
  File "C:\Users\kaibalya\OneDrive - thinkcloud.in\Desktop\DevRaQ\DevRaQ_backend\my-env\Lib\site-packages\temporalio\service.py", line 209, in connect
    return await _BridgeServiceClient.connect(config)
           ^^^^^^^^^^^^^^^^^^^^^^^^^^^^^^^^^^^^^^^^^^
  File "C:\Users\kaibalya\OneDrive - thinkcloud.in\Desktop\DevRaQ\DevRaQ_backend\my-env\Lib\site-packages\temporalio\service.py", line 1008, in connect
    await client._connected_client()
  File "C:\Users\kaibalya\OneDrive - thinkcloud.in\Desktop\DevRaQ\DevRaQ_backend\my-env\Lib\site-packages\temporalio\service.py", line 1021, in _connected_client
    self._bridge_client = await temporalio.bridge.client.Client.connect(
                          ^^^^^^^^^^^^^^^^^^^^^^^^^^^^^^^^^^^^^^^^^^^^^^
  File "C:\Users\kaibalya\OneDrive - thinkcloud.in\Desktop\DevRaQ\DevRaQ_backend\my-env\Lib\site-packages\temporalio\bridge\client.py", line 97, in connect
    await temporalio.bridge.temporal_sdk_bridge.connect_client(
RuntimeError: Failed client connect: Server connection error: tonic::transport::Error(Transport, ConnectError(ConnectError("tcp connect error", Os { code: 10061, kind: ConnectionRefused, message: "No connection could be made because the target machine actively refused it." })))
2026-07-20 12:23:14 | ERROR    | temporalio.worker._workflow | _workflow:_handle_activation:286 | Failed handling activation on workflow with run ID 32221a52-a5a0-4b26-a471-249b181c7ab5
Traceback (most recent call last):
  File "<frozen genericpath>", line 19, in exists
  File "C:\Users\kaibalya\AppData\Local\Programs\Python\Python311\Lib\logging\handlers.py", line 191, in shouldRollover
    if os.path.exists(self.baseFilename) and not os.path.isfile(self.baseFilename):
       ^^^^^^^^^^^^^^^^^^^^^^^^^^^^^^^^^
  File "C:\Users\kaibalya\AppData\Local\Programs\Python\Python311\Lib\logging\handlers.py", line 73, in emit
    if self.shouldRollover(record):
       ^^^^^^^^^^^^^^^^^^^^^^^^^^^
  File "C:\Users\kaibalya\AppData\Local\Programs\Python\Python311\Lib\logging\__init__.py", line 978, in handle
    self.emit(record)
  File "C:\Users\kaibalya\AppData\Local\Programs\Python\Python311\Lib\logging\__init__.py", line 1706, in callHandlers
    hdlr.handle(record)
  File "C:\Users\kaibalya\AppData\Local\Programs\Python\Python311\Lib\logging\__init__.py", line 1644, in handle
    self.callHandlers(record)
  File "C:\Users\kaibalya\AppData\Local\Programs\Python\Python311\Lib\logging\__init__.py", line 1634, in _log
    self.handle(record)
  File "C:\Users\kaibalya\AppData\Local\Programs\Python\Python311\Lib\logging\__init__.py", line 1501, in warning
    self._log(WARNING, msg, args, **kwargs)
  File "C:\Users\kaibalya\OneDrive - thinkcloud.in\Desktop\DevRaQ\DevRaQ_backend\my-env\Lib\site-packages\temporalio\worker\_workflow_instance.py", line 411, in activate
    logger.warning(
  File "C:\Users\kaibalya\AppData\Local\Programs\Python\Python311\Lib\concurrent\futures\thread.py", line 58, in run
    result = self.fn(*self.args, **self.kwargs)
             ^^^^^^^^^^^^^^^^^^^^^^^^^^^^^^^^^^
  File "C:\Users\kaibalya\AppData\Local\Programs\Python\Python311\Lib\concurrent\futures\thread.py", line 83, in _worker
    work_item.run()
  File "C:\Users\kaibalya\AppData\Local\Programs\Python\Python311\Lib\threading.py", line 982, in run
    self._target(*self._args, **self._kwargs)
  File "C:\Users\kaibalya\AppData\Local\Programs\Python\Python311\Lib\threading.py", line 1045, in _bootstrap_inner
    self.run()
  File "C:\Users\kaibalya\AppData\Local\Programs\Python\Python311\Lib\threading.py", line 1002, in _bootstrap
    self._bootstrap_inner()
temporalio.worker._workflow._DeadlockError: [TMPRL1101] Potential deadlock detected: workflow didn't yield within 2 second(s).
2026-07-20 12:29:02 | ERROR    | controllers.proxmox_controller | proxmox_controller:get_cluster_by_id:388 | Machine lookup failed for VM ID: 110. This might be because the machine record hasn't been committed yet or the ID is incorrect.
2026-07-20 12:29:02 | ERROR    | utils.exception_handler | exception_handler:http_exception_handler:33 | [HTTP Exception] http://192.168.100.50:8000/v1/proxmox/proxmox_vm_info/110: Machine with vm_id 110 not found
Traceback (most recent call last):
  File "C:\Users\kaibalya\OneDrive - thinkcloud.in\Desktop\DevRaQ\DevRaQ_backend\my-env\Lib\site-packages\starlette\_exception_handler.py", line 51, in wrapped_app
    await app(scope, receive, sender)
  File "C:\Users\kaibalya\OneDrive - thinkcloud.in\Desktop\DevRaQ\DevRaQ_backend\my-env\Lib\site-packages\starlette\routing.py", line 73, in app
    response = await f(request)
               ^^^^^^^^^^^^^^^^
  File "C:\Users\kaibalya\OneDrive - thinkcloud.in\Desktop\DevRaQ\DevRaQ_backend\my-env\Lib\site-packages\fastapi\routing.py", line 301, in app
    raw_response = await run_endpoint_function(
                   ^^^^^^^^^^^^^^^^^^^^^^^^^^^^
  File "C:\Users\kaibalya\OneDrive - thinkcloud.in\Desktop\DevRaQ\DevRaQ_backend\my-env\Lib\site-packages\fastapi\routing.py", line 212, in run_endpoint_function
    return await dependant.call(**values)
           ^^^^^^^^^^^^^^^^^^^^^^^^^^^^^^
  File "C:\Users\kaibalya\OneDrive - thinkcloud.in\Desktop\DevRaQ\DevRaQ_backend\router\proxmox_router.py", line 103, in proxmox_vm_detail
    res = await proxmox_controller.proxmox_vm_details(vm_id, db)
          ^^^^^^^^^^^^^^^^^^^^^^^^^^^^^^^^^^^^^^^^^^^^^^^^^^^^^^
  File "C:\Users\kaibalya\OneDrive - thinkcloud.in\Desktop\DevRaQ\DevRaQ_backend\controllers\proxmox_controller.py", line 428, in proxmox_vm_details
    cluster_data = get_cluster_by_id(db, vm_id)
                   ^^^^^^^^^^^^^^^^^^^^^^^^^^^^
  File "C:\Users\kaibalya\OneDrive - thinkcloud.in\Desktop\DevRaQ\DevRaQ_backend\controllers\proxmox_controller.py", line 389, in get_cluster_by_id
    raise HTTPException(status_code=404, detail=f"Machine with vm_id {vm_id} not found")
fastapi.exceptions.HTTPException: 404: Machine with vm_id 110 not found
